// Jest Snapshot v1, https://goo.gl/fbAQLP

exports[`GuestLogin renders 1`] = `
<DocumentFragment>
  <div
    class="card"
  >
    <div>
      <button
        class="loginBtn"
      >
        Continue as guest
      </button>
      <br />
      <br />
      and choose from available topics.
    </div>
  </div>
</DocumentFragment>
`;
