// Jest Snapshot v1, https://goo.gl/fbAQLP

exports[`Search renders 1`] = `
<DocumentFragment>
  <div
    style="padding-top: 40px;"
  >
    <p>
      Search for a topic.
    </p>
    <input
      id="searchBox"
      type="text"
    />
    <button>
      <svg
        class="bi bi-search"
        fill="currentColor"
        height="20"
        viewBox="0 0 16 16"
        width="20"
        xmlns="http://www.w3.org/2000/svg"
      >
        <path
          d="M10.442 10.442a1 1 0 0 1 1.415 0l3.85 3.85a1 1 0 0 1-1.414 1.415l-3.85-3.85a1 1 0 0 1 0-1.415z"
          fill-rule="evenodd"
        />
        <path
          d="M6.5 12a5.5 5.5 0 1 0 0-11 5.5 5.5 0 0 0 0 11zM13 6.5a6.5 6.5 0 1 1-13 0 6.5 6.5 0 0 1 13 0z"
          fill-rule="evenodd"
        />
      </svg>
    </button>
  </div>
</DocumentFragment>
`;
