// Jest Snapshot v1, https://goo.gl/fbAQLP

exports[`TopicList renders 1`] = `
<DocumentFragment>
  <div>
    <p>
      <button
        class="selected"
      >
        java
      </button>
      <button
        style="color: red; font-size: 12px;"
      >
        delete
      </button>
    </p>
    <p>
      <button
        class=""
      >
        c
      </button>
    </p>
    <p>
      <button
        class=""
      >
        fortran
      </button>
    </p>
  </div>
</DocumentFragment>
`;
