// Jest Snapshot v1, https://goo.gl/fbAQLP

exports[`TopicList renders 1`] = `
<DocumentFragment>
  <div>
    <p>
      <button
        class="newTopic"
        style="color: red;"
      >
        -
      </button>
      <button
        class="selected"
      >
        java
      </button>
    </p>
    <p>
      <button
        class=""
      >
        c
      </button>
    </p>
    <p>
      <button
        class=""
      >
        fortran
      </button>
    </p>
  </div>
</DocumentFragment>
`;
